// Jest Snapshot v1, https://goo.gl/fbAQLP

exports[`QR Scanner renders without crashing 1`] = `<View />`;
